Archive member included to satisfy reference by file (symbol)

d:/prog_files/truestudio for stm32 9.3.0/armtools/bin/../lib/gcc/arm-atollic-eabi/6.3.1/../../../../arm-atollic-eabi/lib/armv7-m\libc_nano.a(lib_a-init.o)
                              System\startup_stm32f10x.o (__libc_init_array)

Allocating common symbols
Common symbol       size              file

t1Ctrl              0x4               src\APP\main.o
thread2             0xc               src\APP\main.o
stack_Thread2       0xa0              src\APP\main.o
USART1_func         0x4               src\MCAL\UART\UART_program.o
OS_existSet         0x4               src\Services\Thread\IRQ.o
OS_currThreadMask   0x4               src\Services\Thread\IRQ.o
OS_blockedSet       0x4               src\Services\Thread\IRQ.o
OS_readySet         0x4               src\Services\Thread\IRQ.o
stack_Thread1       0xa0              src\APP\main.o
OS_next             0x4               src\Services\Thread\IRQ.o
OS_curr             0x4               src\Services\Thread\IRQ.o
thread1             0xc               src\APP\main.o
idleThread          0xc               src\Services\Thread\IdleThread.o
OS_thread           0x80              src\Services\Thread\IRQ.o
OS_delayedSet       0x4               src\Services\Thread\IRQ.o
stack_idleThread    0xa0              src\Services\Thread\IdleThread.o

Discarded input sections

 .text          0x00000000        0x0 d:/prog_files/truestudio for stm32 9.3.0/armtools/bin/../lib/gcc/arm-atollic-eabi/6.3.1/armv7-m/crti.o
 .data          0x00000000        0x0 d:/prog_files/truestudio for stm32 9.3.0/armtools/bin/../lib/gcc/arm-atollic-eabi/6.3.1/armv7-m/crti.o
 .bss           0x00000000        0x0 d:/prog_files/truestudio for stm32 9.3.0/armtools/bin/../lib/gcc/arm-atollic-eabi/6.3.1/armv7-m/crti.o
 .data          0x00000000        0x4 d:/prog_files/truestudio for stm32 9.3.0/armtools/bin/../lib/gcc/arm-atollic-eabi/6.3.1/armv7-m/crtbegin.o
 .text          0x00000000       0x14 System\startup_stm32f10x.o
 .data          0x00000000        0x0 System\startup_stm32f10x.o
 .bss           0x00000000        0x0 System\startup_stm32f10x.o
 .group         0x00000000        0x8 System\stm32f1xx_it.o
 .text          0x00000000        0x0 System\stm32f1xx_it.o
 .data          0x00000000        0x0 System\stm32f1xx_it.o
 .bss           0x00000000        0x0 System\stm32f1xx_it.o
 .group         0x00000000        0x8 src\APP\main.o
 .group         0x00000000        0x8 src\APP\main.o
 .group         0x00000000        0x8 src\APP\main.o
 .group         0x00000000        0x8 src\APP\main.o
 .group         0x00000000        0x8 src\APP\main.o
 .text          0x00000000        0x0 src\APP\main.o
 .data          0x00000000        0x0 src\APP\main.o
 .bss           0x00000000        0x0 src\APP\main.o
 .text.Thread2_H
                0x00000000       0x28 src\APP\main.o
 .debug_macro   0x00000000      0x8a4 src\APP\main.o
 .group         0x00000000        0x8 src\HAL\Interrupts\Interrupts_program.o
 .group         0x00000000        0x8 src\HAL\Interrupts\Interrupts_program.o
 .group         0x00000000        0x8 src\HAL\Interrupts\Interrupts_program.o
 .text          0x00000000        0x0 src\HAL\Interrupts\Interrupts_program.o
 .data          0x00000000        0x0 src\HAL\Interrupts\Interrupts_program.o
 .bss           0x00000000        0x0 src\HAL\Interrupts\Interrupts_program.o
 .text.Interrupts_GetPriority
                0x00000000       0x28 src\HAL\Interrupts\Interrupts_program.o
 .text.Interrupts_EnableIRQ
                0x00000000       0x16 src\HAL\Interrupts\Interrupts_program.o
 .text.Interrupts_DisableIRQ
                0x00000000       0x16 src\HAL\Interrupts\Interrupts_program.o
 .text.Interrupts_GetPendingIRQ
                0x00000000       0x18 src\HAL\Interrupts\Interrupts_program.o
 .text.Interrupts_SetPendingIRQ
                0x00000000       0x16 src\HAL\Interrupts\Interrupts_program.o
 .text.Interrupts_ClearPendingIRQ
                0x00000000       0x16 src\HAL\Interrupts\Interrupts_program.o
 .text.Interrupts_GetActive
                0x00000000       0x18 src\HAL\Interrupts\Interrupts_program.o
 .text.Interrupts_SetDevicePriority
                0x00000000       0x1a src\HAL\Interrupts\Interrupts_program.o
 .text.Interrupts_GetDevicePriority
                0x00000000       0x18 src\HAL\Interrupts\Interrupts_program.o
 .text.Interrupts_PendSVClearPending
                0x00000000        0xc src\HAL\Interrupts\Interrupts_program.o
 .debug_macro   0x00000000      0x8a4 src\HAL\Interrupts\Interrupts_program.o
 .debug_macro   0x00000000       0x3a src\HAL\Interrupts\Interrupts_program.o
 .debug_macro   0x00000000       0x2e src\HAL\Interrupts\Interrupts_program.o
 .group         0x00000000        0x8 src\MCAL\CAN\CAN_program.o
 .group         0x00000000        0x8 src\MCAL\CAN\CAN_program.o
 .group         0x00000000        0x8 src\MCAL\CAN\CAN_program.o
 .group         0x00000000        0x8 src\MCAL\CAN\CAN_program.o
 .text          0x00000000        0x0 src\MCAL\CAN\CAN_program.o
 .data          0x00000000        0x0 src\MCAL\CAN\CAN_program.o
 .bss           0x00000000        0x0 src\MCAL\CAN\CAN_program.o
 .bss.txCounter
                0x00000000        0x4 src\MCAL\CAN\CAN_program.o
 .data.blink    0x00000000        0x1 src\MCAL\CAN\CAN_program.o
 .text.CAN_Init
                0x00000000      0x174 src\MCAL\CAN\CAN_program.o
 .text.CAN_Transmit
                0x00000000       0x48 src\MCAL\CAN\CAN_program.o
 .text.CAN_Receive
                0x00000000       0xc0 src\MCAL\CAN\CAN_program.o
 .debug_info    0x00000000      0x36c src\MCAL\CAN\CAN_program.o
 .debug_abbrev  0x00000000      0x10e src\MCAL\CAN\CAN_program.o
 .debug_aranges
                0x00000000       0x30 src\MCAL\CAN\CAN_program.o
 .debug_ranges  0x00000000       0x20 src\MCAL\CAN\CAN_program.o
 .debug_macro   0x00000000       0x40 src\MCAL\CAN\CAN_program.o
 .debug_macro   0x00000000      0x8a4 src\MCAL\CAN\CAN_program.o
 .debug_macro   0x00000000       0x3a src\MCAL\CAN\CAN_program.o
 .debug_macro   0x00000000       0x2e src\MCAL\CAN\CAN_program.o
 .debug_macro   0x00000000     0x1e6b src\MCAL\CAN\CAN_program.o
 .debug_line    0x00000000      0x15b src\MCAL\CAN\CAN_program.o
 .debug_str     0x00000000     0xb301 src\MCAL\CAN\CAN_program.o
 .comment       0x00000000       0x7d src\MCAL\CAN\CAN_program.o
 .debug_frame   0x00000000       0x78 src\MCAL\CAN\CAN_program.o
 .ARM.attributes
                0x00000000       0x33 src\MCAL\CAN\CAN_program.o
 .group         0x00000000        0x8 src\MCAL\Core\Core_program.o
 .text          0x00000000        0x0 src\MCAL\Core\Core_program.o
 .data          0x00000000        0x0 src\MCAL\Core\Core_program.o
 .bss           0x00000000        0x0 src\MCAL\Core\Core_program.o
 .debug_info    0x00000000       0x21 src\MCAL\Core\Core_program.o
 .debug_abbrev  0x00000000       0x13 src\MCAL\Core\Core_program.o
 .debug_aranges
                0x00000000       0x18 src\MCAL\Core\Core_program.o
 .debug_macro   0x00000000       0x11 src\MCAL\Core\Core_program.o
 .debug_macro   0x00000000      0x8a4 src\MCAL\Core\Core_program.o
 .debug_line    0x00000000       0x40 src\MCAL\Core\Core_program.o
 .debug_str     0x00000000     0x252b src\MCAL\Core\Core_program.o
 .comment       0x00000000       0x7d src\MCAL\Core\Core_program.o
 .ARM.attributes
                0x00000000       0x33 src\MCAL\Core\Core_program.o
 .group         0x00000000        0x8 src\MCAL\Flash\Flash_program.o
 .group         0x00000000        0x8 src\MCAL\Flash\Flash_program.o
 .group         0x00000000        0x8 src\MCAL\Flash\Flash_program.o
 .group         0x00000000        0x8 src\MCAL\Flash\Flash_program.o
 .group         0x00000000        0x8 src\MCAL\Flash\Flash_program.o
 .text          0x00000000        0x0 src\MCAL\Flash\Flash_program.o
 .data          0x00000000        0x0 src\MCAL\Flash\Flash_program.o
 .bss           0x00000000        0x0 src\MCAL\Flash\Flash_program.o
 .text.Flash_WriteWord
                0x00000000       0x90 src\MCAL\Flash\Flash_program.o
 .text.Flash_WriteData
                0x00000000       0xa8 src\MCAL\Flash\Flash_program.o
 .text.Flash_ErasePage
                0x00000000       0x84 src\MCAL\Flash\Flash_program.o
 .text.Flash_EraseMass
                0x00000000       0x44 src\MCAL\Flash\Flash_program.o
 .text.Flash_Lock
                0x00000000       0x38 src\MCAL\Flash\Flash_program.o
 .text.Flash_Unlock
                0x00000000       0x40 src\MCAL\Flash\Flash_program.o
 .debug_macro   0x00000000      0x8a4 src\MCAL\Flash\Flash_program.o
 .debug_macro   0x00000000       0x3a src\MCAL\Flash\Flash_program.o
 .debug_macro   0x00000000       0x2e src\MCAL\Flash\Flash_program.o
 .group         0x00000000        0x8 src\MCAL\GPIO\GPIO_program.o
 .group         0x00000000        0x8 src\MCAL\GPIO\GPIO_program.o
 .group         0x00000000        0x8 src\MCAL\GPIO\GPIO_program.o
 .group         0x00000000        0x8 src\MCAL\GPIO\GPIO_program.o
 .group         0x00000000        0x8 src\MCAL\GPIO\GPIO_program.o
 .group         0x00000000        0x8 src\MCAL\GPIO\GPIO_program.o
 .text          0x00000000        0x0 src\MCAL\GPIO\GPIO_program.o
 .data          0x00000000        0x0 src\MCAL\GPIO\GPIO_program.o
 .bss           0x00000000        0x0 src\MCAL\GPIO\GPIO_program.o
 .text.GPIO_WritePort
                0x00000000       0x2e src\MCAL\GPIO\GPIO_program.o
 .text.GPIO_GetPinValue
                0x00000000       0x22 src\MCAL\GPIO\GPIO_program.o
 .debug_macro   0x00000000      0x8a4 src\MCAL\GPIO\GPIO_program.o
 .debug_macro   0x00000000       0x3a src\MCAL\GPIO\GPIO_program.o
 .debug_macro   0x00000000       0x2e src\MCAL\GPIO\GPIO_program.o
 .debug_macro   0x00000000       0xa6 src\MCAL\GPIO\GPIO_program.o
 .group         0x00000000        0x8 src\MCAL\NVIC\NVIC_program.o
 .group         0x00000000        0x8 src\MCAL\NVIC\NVIC_program.o
 .group         0x00000000        0x8 src\MCAL\NVIC\NVIC_program.o
 .group         0x00000000        0x8 src\MCAL\NVIC\NVIC_program.o
 .text          0x00000000        0x0 src\MCAL\NVIC\NVIC_program.o
 .data          0x00000000        0x0 src\MCAL\NVIC\NVIC_program.o
 .bss           0x00000000        0x0 src\MCAL\NVIC\NVIC_program.o
 .text.NVIC_EnableIRQ
                0x00000000       0x2c src\MCAL\NVIC\NVIC_program.o
 .text.NVIC_DisableIRQ
                0x00000000       0x30 src\MCAL\NVIC\NVIC_program.o
 .text.NVIC_GetPendingIRQ
                0x00000000       0x3c src\MCAL\NVIC\NVIC_program.o
 .text.NVIC_SetPendingIRQ
                0x00000000       0x30 src\MCAL\NVIC\NVIC_program.o
 .text.NVIC_ClearPendingIRQ
                0x00000000       0x30 src\MCAL\NVIC\NVIC_program.o
 .text.NVIC_GetActive
                0x00000000       0x3c src\MCAL\NVIC\NVIC_program.o
 .text.NVIC_GetDevicePriority
                0x00000000       0x34 src\MCAL\NVIC\NVIC_program.o
 .debug_macro   0x00000000      0x8a4 src\MCAL\NVIC\NVIC_program.o
 .debug_macro   0x00000000       0x3a src\MCAL\NVIC\NVIC_program.o
 .debug_macro   0x00000000       0x2e src\MCAL\NVIC\NVIC_program.o
 .group         0x00000000        0x8 src\MCAL\RCC\RCC_program.o
 .group         0x00000000        0x8 src\MCAL\RCC\RCC_program.o
 .group         0x00000000        0x8 src\MCAL\RCC\RCC_program.o
 .group         0x00000000        0x8 src\MCAL\RCC\RCC_program.o
 .text          0x00000000        0x0 src\MCAL\RCC\RCC_program.o
 .data          0x00000000        0x0 src\MCAL\RCC\RCC_program.o
 .bss           0x00000000        0x0 src\MCAL\RCC\RCC_program.o
 .data.AHBPrescTable
                0x00000000       0x10 src\MCAL\RCC\RCC_program.o
 .text.RCC_GetSystemCoreClock
                0x00000000       0xc8 src\MCAL\RCC\RCC_program.o
 .text.RCC_EnableGPIOA
                0x00000000       0x1c src\MCAL\RCC\RCC_program.o
 .text.RCC_ResetGPIOA
                0x00000000       0x24 src\MCAL\RCC\RCC_program.o
 .text.RCC_DisableGPIOA
                0x00000000       0x1c src\MCAL\RCC\RCC_program.o
 .text.RCC_EnableGPIOB
                0x00000000       0x1c src\MCAL\RCC\RCC_program.o
 .text.RCC_ResetGPIOB
                0x00000000       0x24 src\MCAL\RCC\RCC_program.o
 .text.RCC_DisableGPIOB
                0x00000000       0x1c src\MCAL\RCC\RCC_program.o
 .text.RCC_ResetGPIOC
                0x00000000       0x24 src\MCAL\RCC\RCC_program.o
 .text.RCC_DisableGPIOC
                0x00000000       0x1c src\MCAL\RCC\RCC_program.o
 .text.RCC_EnableUART
                0x00000000       0x1c src\MCAL\RCC\RCC_program.o
 .text.RCC_ResetUART
                0x00000000       0x24 src\MCAL\RCC\RCC_program.o
 .text.RCC_DisableUART
                0x00000000       0x1c src\MCAL\RCC\RCC_program.o
 .text.RCC_EnableCAN
                0x00000000       0x1c src\MCAL\RCC\RCC_program.o
 .text.RCC_ResetCAN
                0x00000000       0x24 src\MCAL\RCC\RCC_program.o
 .text.RCC_DisableCAN
                0x00000000       0x1c src\MCAL\RCC\RCC_program.o
 .debug_macro   0x00000000      0x8a4 src\MCAL\RCC\RCC_program.o
 .debug_macro   0x00000000       0x3a src\MCAL\RCC\RCC_program.o
 .debug_macro   0x00000000       0x2e src\MCAL\RCC\RCC_program.o
 .group         0x00000000        0x8 src\MCAL\SCB\SCB_program.o
 .group         0x00000000        0x8 src\MCAL\SCB\SCB_program.o
 .group         0x00000000        0x8 src\MCAL\SCB\SCB_program.o
 .group         0x00000000        0x8 src\MCAL\SCB\SCB_program.o
 .text          0x00000000        0x0 src\MCAL\SCB\SCB_program.o
 .data          0x00000000        0x0 src\MCAL\SCB\SCB_program.o
 .bss           0x00000000        0x0 src\MCAL\SCB\SCB_program.o
 .text.SCB_SetNVICPriorityGrouping
                0x00000000       0x48 src\MCAL\SCB\SCB_program.o
 .text.SCB_GetSystemPriority
                0x00000000       0x38 src\MCAL\SCB\SCB_program.o
 .text.SCB_PendSVClearPending
                0x00000000       0x1c src\MCAL\SCB\SCB_program.o
 .debug_macro   0x00000000      0x8a4 src\MCAL\SCB\SCB_program.o
 .debug_macro   0x00000000       0x3a src\MCAL\SCB\SCB_program.o
 .debug_macro   0x00000000       0x2e src\MCAL\SCB\SCB_program.o
 .group         0x00000000        0x8 src\MCAL\SysTick\SysTick_program.o
 .group         0x00000000        0x8 src\MCAL\SysTick\SysTick_program.o
 .group         0x00000000        0x8 src\MCAL\SysTick\SysTick_program.o
 .group         0x00000000        0x8 src\MCAL\SysTick\SysTick_program.o
 .text          0x00000000        0x0 src\MCAL\SysTick\SysTick_program.o
 .data          0x00000000        0x0 src\MCAL\SysTick\SysTick_program.o
 .bss           0x00000000        0x0 src\MCAL\SysTick\SysTick_program.o
 .text.SysTick_Stop
                0x00000000       0x1c src\MCAL\SysTick\SysTick_program.o
 .debug_macro   0x00000000      0x8a4 src\MCAL\SysTick\SysTick_program.o
 .debug_macro   0x00000000       0x3a src\MCAL\SysTick\SysTick_program.o
 .debug_macro   0x00000000       0x2e src\MCAL\SysTick\SysTick_program.o
 .group         0x00000000        0x8 src\MCAL\UART\UART_program.o
 .group         0x00000000        0x8 src\MCAL\UART\UART_program.o
 .group         0x00000000        0x8 src\MCAL\UART\UART_program.o
 .group         0x00000000        0x8 src\MCAL\UART\UART_program.o
 .group         0x00000000        0x8 src\MCAL\UART\UART_program.o
 .group         0x00000000        0x8 src\MCAL\UART\UART_program.o
 .text          0x00000000        0x0 src\MCAL\UART\UART_program.o
 .data          0x00000000        0x0 src\MCAL\UART\UART_program.o
 .bss           0x00000000        0x0 src\MCAL\UART\UART_program.o
 .text.UART_Init
                0x00000000       0x5c src\MCAL\UART\UART_program.o
 .text.UART_Enable
                0x00000000       0x60 src\MCAL\UART\UART_program.o
 .text.UART_Disable
                0x00000000       0x60 src\MCAL\UART\UART_program.o
 .text.UART_SendByte
                0x00000000       0x30 src\MCAL\UART\UART_program.o
 .text.UART_WriteToBuffer
                0x00000000       0x20 src\MCAL\UART\UART_program.o
 .text.UART_ReciveByte
                0x00000000       0x28 src\MCAL\UART\UART_program.o
 .text.UART_ReadBuffer
                0x00000000       0x18 src\MCAL\UART\UART_program.o
 .text.UART_SendData
                0x00000000       0x2e src\MCAL\UART\UART_program.o
 .text.UART_ReceiveData
                0x00000000       0x30 src\MCAL\UART\UART_program.o
 .text.UART_SetInterruptHandler
                0x00000000       0x1c src\MCAL\UART\UART_program.o
 .debug_macro   0x00000000      0x8a4 src\MCAL\UART\UART_program.o
 .debug_macro   0x00000000       0x3a src\MCAL\UART\UART_program.o
 .debug_macro   0x00000000       0x2e src\MCAL\UART\UART_program.o
 .group         0x00000000        0x8 src\Services\Init\Init.o
 .group         0x00000000        0x8 src\Services\Init\Init.o
 .group         0x00000000        0x8 src\Services\Init\Init.o
 .group         0x00000000        0x8 src\Services\Init\Init.o
 .group         0x00000000        0x8 src\Services\Init\Init.o
 .text          0x00000000        0x0 src\Services\Init\Init.o
 .data          0x00000000        0x0 src\Services\Init\Init.o
 .bss           0x00000000        0x0 src\Services\Init\Init.o
 .debug_macro   0x00000000      0x8a4 src\Services\Init\Init.o
 .debug_macro   0x00000000       0x3a src\Services\Init\Init.o
 .debug_macro   0x00000000       0x2e src\Services\Init\Init.o
 .debug_macro   0x00000000       0x28 src\Services\Init\Init.o
 .group         0x00000000        0x8 src\Services\Thread\IRQ.o
 .group         0x00000000        0x8 src\Services\Thread\IRQ.o
 .group         0x00000000        0x8 src\Services\Thread\IRQ.o
 .group         0x00000000        0x8 src\Services\Thread\IRQ.o
 .group         0x00000000        0x8 src\Services\Thread\IRQ.o
 .group         0x00000000        0x8 src\Services\Thread\IRQ.o
 .text          0x00000000        0x0 src\Services\Thread\IRQ.o
 .data          0x00000000        0x0 src\Services\Thread\IRQ.o
 .bss           0x00000000        0x0 src\Services\Thread\IRQ.o
 .debug_macro   0x00000000      0x8a4 src\Services\Thread\IRQ.o
 .debug_macro   0x00000000       0x3a src\Services\Thread\IRQ.o
 .debug_macro   0x00000000       0x2e src\Services\Thread\IRQ.o
 .debug_macro   0x00000000       0x16 src\Services\Thread\IRQ.o
 .group         0x00000000        0x8 src\Services\Thread\IdleThread.o
 .group         0x00000000        0x8 src\Services\Thread\IdleThread.o
 .group         0x00000000        0x8 src\Services\Thread\IdleThread.o
 .group         0x00000000        0x8 src\Services\Thread\IdleThread.o
 .text          0x00000000        0x0 src\Services\Thread\IdleThread.o
 .data          0x00000000        0x0 src\Services\Thread\IdleThread.o
 .bss           0x00000000        0x0 src\Services\Thread\IdleThread.o
 .debug_macro   0x00000000      0x8a4 src\Services\Thread\IdleThread.o
 .debug_macro   0x00000000       0x3a src\Services\Thread\IdleThread.o
 .debug_macro   0x00000000       0x2e src\Services\Thread\IdleThread.o
 .debug_macro   0x00000000       0x16 src\Services\Thread\IdleThread.o
 .group         0x00000000        0x8 src\Services\Thread\Scheduler.o
 .group         0x00000000        0x8 src\Services\Thread\Scheduler.o
 .group         0x00000000        0x8 src\Services\Thread\Scheduler.o
 .group         0x00000000        0x8 src\Services\Thread\Scheduler.o
 .group         0x00000000        0x8 src\Services\Thread\Scheduler.o
 .group         0x00000000        0x8 src\Services\Thread\Scheduler.o
 .text          0x00000000        0x0 src\Services\Thread\Scheduler.o
 .data          0x00000000        0x0 src\Services\Thread\Scheduler.o
 .bss           0x00000000        0x0 src\Services\Thread\Scheduler.o
 .debug_macro   0x00000000      0x8a4 src\Services\Thread\Scheduler.o
 .debug_macro   0x00000000       0x3a src\Services\Thread\Scheduler.o
 .debug_macro   0x00000000       0x2e src\Services\Thread\Scheduler.o
 .debug_macro   0x00000000       0x16 src\Services\Thread\Scheduler.o
 .debug_macro   0x00000000       0x16 src\Services\Thread\Scheduler.o
 .debug_macro   0x00000000       0x10 src\Services\Thread\Scheduler.o
 .group         0x00000000        0x8 src\Services\Thread\Thread.o
 .group         0x00000000        0x8 src\Services\Thread\Thread.o
 .group         0x00000000        0x8 src\Services\Thread\Thread.o
 .group         0x00000000        0x8 src\Services\Thread\Thread.o
 .group         0x00000000        0x8 src\Services\Thread\Thread.o
 .group         0x00000000        0x8 src\Services\Thread\Thread.o
 .text          0x00000000        0x0 src\Services\Thread\Thread.o
 .data          0x00000000        0x0 src\Services\Thread\Thread.o
 .bss           0x00000000        0x0 src\Services\Thread\Thread.o
 .text.OSThread_Yield
                0x00000000       0x10 src\Services\Thread\Thread.o
 .text.OSThread_Suspend
                0x00000000       0x78 src\Services\Thread\Thread.o
 .text.OSThread_Resume
                0x00000000       0x54 src\Services\Thread\Thread.o
 .debug_macro   0x00000000      0x8a4 src\Services\Thread\Thread.o
 .debug_macro   0x00000000       0x3a src\Services\Thread\Thread.o
 .debug_macro   0x00000000       0x2e src\Services\Thread\Thread.o
 .debug_macro   0x00000000       0x16 src\Services\Thread\Thread.o
 .debug_macro   0x00000000       0x16 src\Services\Thread\Thread.o
 .debug_macro   0x00000000       0x10 src\Services\Thread\Thread.o
 .text          0x00000000        0x0 d:/prog_files/truestudio for stm32 9.3.0/armtools/bin/../lib/gcc/arm-atollic-eabi/6.3.1/../../../../arm-atollic-eabi/lib/armv7-m\libc_nano.a(lib_a-init.o)
 .data          0x00000000        0x0 d:/prog_files/truestudio for stm32 9.3.0/armtools/bin/../lib/gcc/arm-atollic-eabi/6.3.1/../../../../arm-atollic-eabi/lib/armv7-m\libc_nano.a(lib_a-init.o)
 .bss           0x00000000        0x0 d:/prog_files/truestudio for stm32 9.3.0/armtools/bin/../lib/gcc/arm-atollic-eabi/6.3.1/../../../../arm-atollic-eabi/lib/armv7-m\libc_nano.a(lib_a-init.o)
 .text          0x00000000        0x0 d:/prog_files/truestudio for stm32 9.3.0/armtools/bin/../lib/gcc/arm-atollic-eabi/6.3.1/armv7-m/crtend.o
 .data          0x00000000        0x0 d:/prog_files/truestudio for stm32 9.3.0/armtools/bin/../lib/gcc/arm-atollic-eabi/6.3.1/armv7-m/crtend.o
 .bss           0x00000000        0x0 d:/prog_files/truestudio for stm32 9.3.0/armtools/bin/../lib/gcc/arm-atollic-eabi/6.3.1/armv7-m/crtend.o
 .eh_frame      0x00000000        0x4 d:/prog_files/truestudio for stm32 9.3.0/armtools/bin/../lib/gcc/arm-atollic-eabi/6.3.1/armv7-m/crtend.o
 .ARM.attributes
                0x00000000       0x2d d:/prog_files/truestudio for stm32 9.3.0/armtools/bin/../lib/gcc/arm-atollic-eabi/6.3.1/armv7-m/crtend.o
 .text          0x00000000        0x0 d:/prog_files/truestudio for stm32 9.3.0/armtools/bin/../lib/gcc/arm-atollic-eabi/6.3.1/armv7-m/crtn.o
 .data          0x00000000        0x0 d:/prog_files/truestudio for stm32 9.3.0/armtools/bin/../lib/gcc/arm-atollic-eabi/6.3.1/armv7-m/crtn.o
 .bss           0x00000000        0x0 d:/prog_files/truestudio for stm32 9.3.0/armtools/bin/../lib/gcc/arm-atollic-eabi/6.3.1/armv7-m/crtn.o

Memory Configuration

Name             Origin             Length             Attributes
FLASH            0x08000000         0x00010000         xr
RAM              0x20000000         0x00005000         xrw
MEMORY_B1        0x60000000         0x00000000         xr
*default*        0x00000000         0xffffffff

Linker script and memory map

LOAD d:/prog_files/truestudio for stm32 9.3.0/armtools/bin/../lib/gcc/arm-atollic-eabi/6.3.1/armv7-m/crti.o
LOAD d:/prog_files/truestudio for stm32 9.3.0/armtools/bin/../lib/gcc/arm-atollic-eabi/6.3.1/armv7-m/crtbegin.o
LOAD System\startup_stm32f10x.o
LOAD System\stm32f1xx_it.o
LOAD src\APP\main.o
LOAD src\HAL\Interrupts\Interrupts_program.o
LOAD src\MCAL\CAN\CAN_program.o
LOAD src\MCAL\Core\Core_program.o
LOAD src\MCAL\Flash\Flash_program.o
LOAD src\MCAL\GPIO\GPIO_program.o
LOAD src\MCAL\NVIC\NVIC_program.o
LOAD src\MCAL\RCC\RCC_program.o
LOAD src\MCAL\SCB\SCB_program.o
LOAD src\MCAL\SysTick\SysTick_program.o
LOAD src\MCAL\UART\UART_program.o
LOAD src\Services\Init\Init.o
LOAD src\Services\Thread\IRQ.o
LOAD src\Services\Thread\IdleThread.o
LOAD src\Services\Thread\Scheduler.o
LOAD src\Services\Thread\Thread.o
                0x00000080                malloc_getpagesize_P = 0x80
START GROUP
LOAD d:/prog_files/truestudio for stm32 9.3.0/armtools/bin/../lib/gcc/arm-atollic-eabi/6.3.1/../../../../arm-atollic-eabi/lib/armv7-m\libc_nano.a
LOAD d:/prog_files/truestudio for stm32 9.3.0/armtools/bin/../lib/gcc/arm-atollic-eabi/6.3.1/../../../../arm-atollic-eabi/lib/armv7-m\libm.a
END GROUP
START GROUP
LOAD d:/prog_files/truestudio for stm32 9.3.0/armtools/bin/../lib/gcc/arm-atollic-eabi/6.3.1/armv7-m\libgcc.a
LOAD d:/prog_files/truestudio for stm32 9.3.0/armtools/bin/../lib/gcc/arm-atollic-eabi/6.3.1/../../../../arm-atollic-eabi/lib/armv7-m\libc_nano.a
END GROUP
START GROUP
LOAD d:/prog_files/truestudio for stm32 9.3.0/armtools/bin/../lib/gcc/arm-atollic-eabi/6.3.1/armv7-m\libgcc.a
LOAD d:/prog_files/truestudio for stm32 9.3.0/armtools/bin/../lib/gcc/arm-atollic-eabi/6.3.1/../../../../arm-atollic-eabi/lib/armv7-m\libc_nano.a
LOAD d:/prog_files/truestudio for stm32 9.3.0/armtools/bin/../lib/gcc/arm-atollic-eabi/6.3.1/../../../../arm-atollic-eabi/lib/armv7-m\libnosys.a
END GROUP
START GROUP
LOAD d:/prog_files/truestudio for stm32 9.3.0/armtools/bin/../lib/gcc/arm-atollic-eabi/6.3.1/armv7-m\libgcc.a
LOAD d:/prog_files/truestudio for stm32 9.3.0/armtools/bin/../lib/gcc/arm-atollic-eabi/6.3.1/../../../../arm-atollic-eabi/lib/armv7-m\libc_nano.a
LOAD d:/prog_files/truestudio for stm32 9.3.0/armtools/bin/../lib/gcc/arm-atollic-eabi/6.3.1/../../../../arm-atollic-eabi/lib/armv7-m\libnosys.a
END GROUP
LOAD d:/prog_files/truestudio for stm32 9.3.0/armtools/bin/../lib/gcc/arm-atollic-eabi/6.3.1/armv7-m/crtend.o
LOAD d:/prog_files/truestudio for stm32 9.3.0/armtools/bin/../lib/gcc/arm-atollic-eabi/6.3.1/armv7-m/crtn.o
                0x20005000                _estack = 0x20005000
                0x00000000                _Min_Heap_Size = 0x0
                0x00000100                _Min_Stack_Size = 0x100

.isr_vector     0x08000000      0x10c
                0x08000000                . = ALIGN (0x4)
 *(.isr_vector)
 .isr_vector    0x08000000      0x10c System\startup_stm32f10x.o
                0x08000000                g_pfnVectors
                0x0800010c                . = ALIGN (0x4)

.text           0x0800010c      0xb00
                0x0800010c                . = ALIGN (0x4)
 *(.text)
 .text          0x0800010c       0x40 d:/prog_files/truestudio for stm32 9.3.0/armtools/bin/../lib/gcc/arm-atollic-eabi/6.3.1/armv7-m/crtbegin.o
 *(.text*)
 .text.Reset_Handler
                0x0800014c       0x50 System\startup_stm32f10x.o
                0x0800014c                Reset_Handler
 .text.Default_Handler
                0x0800019c        0x2 System\startup_stm32f10x.o
                0x0800019c                EXTI2_IRQHandler
                0x0800019c                TIM1_CC_IRQHandler
                0x0800019c                PVD_IRQHandler
                0x0800019c                EXTI3_IRQHandler
                0x0800019c                EXTI0_IRQHandler
                0x0800019c                I2C2_EV_IRQHandler
                0x0800019c                ADC1_2_IRQHandler
                0x0800019c                SPI1_IRQHandler
                0x0800019c                TAMPER_IRQHandler
                0x0800019c                DMA1_Channel4_IRQHandler
                0x0800019c                USART3_IRQHandler
                0x0800019c                RTC_IRQHandler
                0x0800019c                DMA1_Channel7_IRQHandler
                0x0800019c                CAN1_RX1_IRQHandler
                0x0800019c                TIM4_IRQHandler
                0x0800019c                I2C1_EV_IRQHandler
                0x0800019c                DMA1_Channel6_IRQHandler
                0x0800019c                TIM3_IRQHandler
                0x0800019c                RCC_IRQHandler
                0x0800019c                TIM1_TRG_COM_IRQHandler
                0x0800019c                DMA1_Channel1_IRQHandler
                0x0800019c                Default_Handler
                0x0800019c                EXTI15_10_IRQHandler
                0x0800019c                EXTI9_5_IRQHandler
                0x0800019c                SPI2_IRQHandler
                0x0800019c                DMA1_Channel5_IRQHandler
                0x0800019c                EXTI4_IRQHandler
                0x0800019c                USB_LP_CAN1_RX0_IRQHandler
                0x0800019c                USB_HP_CAN1_TX_IRQHandler
                0x0800019c                DMA1_Channel3_IRQHandler
                0x0800019c                TIM1_UP_IRQHandler
                0x0800019c                WWDG_IRQHandler
                0x0800019c                TIM2_IRQHandler
                0x0800019c                TIM1_BRK_IRQHandler
                0x0800019c                EXTI1_IRQHandler
                0x0800019c                RTCAlarm_IRQHandler
                0x0800019c                USART2_IRQHandler
                0x0800019c                I2C2_ER_IRQHandler
                0x0800019c                DMA1_Channel2_IRQHandler
                0x0800019c                CAN1_SCE_IRQHandler
                0x0800019c                FLASH_IRQHandler
                0x0800019c                I2C1_ER_IRQHandler
                0x0800019c                USBWakeUp_IRQHandler
 .text.NMI_Handler
                0x0800019e        0xc System\stm32f1xx_it.o
                0x0800019e                NMI_Handler
 .text.HardFault_Handler
                0x080001aa        0x6 System\stm32f1xx_it.o
                0x080001aa                HardFault_Handler
 .text.MemManage_Handler
                0x080001b0        0x6 System\stm32f1xx_it.o
                0x080001b0                MemManage_Handler
 .text.BusFault_Handler
                0x080001b6        0x6 System\stm32f1xx_it.o
                0x080001b6                BusFault_Handler
 .text.UsageFault_Handler
                0x080001bc        0x6 System\stm32f1xx_it.o
                0x080001bc                UsageFault_Handler
 .text.SVC_Handler
                0x080001c2        0xc System\stm32f1xx_it.o
                0x080001c2                SVC_Handler
 .text.DebugMon_Handler
                0x080001ce        0xc System\stm32f1xx_it.o
                0x080001ce                DebugMon_Handler
 *fill*         0x080001da        0x2 
 .text.main     0x080001dc       0x68 src\APP\main.o
                0x080001dc                main
 .text.Thread1_H
                0x08000244       0x2c src\APP\main.o
                0x08000244                Thread1_H
 .text.Interrupts_SetPriority
                0x08000270       0x2a src\HAL\Interrupts\Interrupts_program.o
                0x08000270                Interrupts_SetPriority
 .text.Interrupts_PendSVSetPending
                0x0800029a        0xc src\HAL\Interrupts\Interrupts_program.o
                0x0800029a                Interrupts_PendSVSetPending
 *fill*         0x080002a6        0x2 
 .text.Flash_EnablePrefetchBuffer
                0x080002a8       0x1c src\MCAL\Flash\Flash_program.o
                0x080002a8                Flash_EnablePrefetchBuffer
 .text.Flash_SetLatency
                0x080002c4       0x40 src\MCAL\Flash\Flash_program.o
                0x080002c4                Flash_SetLatency
 .text.GPIO_Init
                0x08000304       0xca src\MCAL\GPIO\GPIO_program.o
                0x08000304                GPIO_Init
 .text.GPIO_SetPinValue
                0x080003ce       0x6e src\MCAL\GPIO\GPIO_program.o
                0x080003ce                GPIO_SetPinValue
 .text.NVIC_SetDevicePriority
                0x0800043c       0x30 src\MCAL\NVIC\NVIC_program.o
                0x0800043c                NVIC_SetDevicePriority
 .text.RCCSystemInit
                0x0800046c       0x6c src\MCAL\RCC\RCC_program.o
                0x0800046c                RCCSystemInit
 .text.RCC_StartHSE
                0x080004d8       0x58 src\MCAL\RCC\RCC_program.o
                0x080004d8                RCC_StartHSE
 .text.RCC_SetSystemClock72MHz
                0x08000530       0x84 src\MCAL\RCC\RCC_program.o
                0x08000530                RCC_SetSystemClock72MHz
 .text.RCC_EnableGPIOC
                0x080005b4       0x1c src\MCAL\RCC\RCC_program.o
                0x080005b4                RCC_EnableGPIOC
 .text.SCB_SetVectorTableOffset
                0x080005d0       0x24 src\MCAL\SCB\SCB_program.o
                0x080005d0                SCB_SetVectorTableOffset
 .text.SCB_SetSystemPriority
                0x080005f4       0x34 src\MCAL\SCB\SCB_program.o
                0x080005f4                SCB_SetSystemPriority
 .text.SCB_PendSVSetPending
                0x08000628       0x1c src\MCAL\SCB\SCB_program.o
                0x08000628                SCB_PendSVSetPending
 .text.SysTick_Config
                0x08000644       0x3c src\MCAL\SysTick\SysTick_program.o
                0x08000644                SysTick_Config
 .text.USART1_IRQHandler
                0x08000680       0x70 src\MCAL\UART\UART_program.o
                0x08000680                USART1_IRQHandler
 .text.SystemInit
                0x080006f0       0x18 src\Services\Init\Init.o
                0x080006f0                SystemInit
 .text.SetSysClockTo72
                0x08000708       0x30 src\Services\Init\Init.o
 .text.PendSV_Handler
                0x08000738       0x40 src\Services\Thread\IRQ.o
                0x08000738                PendSV_Handler
 .text.SysTick_Handler
                0x08000778       0x34 src\Services\Thread\IRQ.o
                0x08000778                SysTick_Handler
 .text.idleThread_Handler
                0x080007ac        0xa src\Services\Thread\IdleThread.o
                0x080007ac                idleThread_Handler
 *fill*         0x080007b6        0x2 
 .text.createIdleThread
                0x080007b8       0x28 src\Services\Thread\IdleThread.o
                0x080007b8                createIdleThread
 .text.OS_onIdle
                0x080007e0        0xe src\Services\Thread\IdleThread.o
                0x080007e0                OS_onIdle
 *fill*         0x080007ee        0x2 
 .text.OS_init  0x080007f0       0x5c src\Services\Thread\Scheduler.o
                0x080007f0                OS_init
 .text.OS_scheduler
                0x0800084c       0x9c src\Services\Thread\Scheduler.o
                0x0800084c                OS_scheduler
 .text.OS_run   0x080008e8       0x18 src\Services\Thread\Scheduler.o
                0x080008e8                OS_run
 .text.OS_tick  0x08000900       0x94 src\Services\Thread\Scheduler.o
                0x08000900                OS_tick
 .text.OSThread_Delay
                0x08000994       0x60 src\Services\Thread\Thread.o
                0x08000994                OSThread_Delay
 .text.OSThread_Create
                0x080009f4      0x1b8 src\Services\Thread\Thread.o
                0x080009f4                OSThread_Create
 .text.__libc_init_array
                0x08000bac       0x48 d:/prog_files/truestudio for stm32 9.3.0/armtools/bin/../lib/gcc/arm-atollic-eabi/6.3.1/../../../../arm-atollic-eabi/lib/armv7-m\libc_nano.a(lib_a-init.o)
                0x08000bac                __libc_init_array
 *(.glue_7)
 .glue_7        0x08000bf4        0x0 linker stubs
 *(.glue_7t)
 .glue_7t       0x08000bf4        0x0 linker stubs
 *(.eh_frame)
 .eh_frame      0x08000bf4        0x0 d:/prog_files/truestudio for stm32 9.3.0/armtools/bin/../lib/gcc/arm-atollic-eabi/6.3.1/armv7-m/crtbegin.o
 *(.init)
 .init          0x08000bf4        0x4 d:/prog_files/truestudio for stm32 9.3.0/armtools/bin/../lib/gcc/arm-atollic-eabi/6.3.1/armv7-m/crti.o
                0x08000bf4                _init
 .init          0x08000bf8        0x8 d:/prog_files/truestudio for stm32 9.3.0/armtools/bin/../lib/gcc/arm-atollic-eabi/6.3.1/armv7-m/crtn.o
 *(.fini)
 .fini          0x08000c00        0x4 d:/prog_files/truestudio for stm32 9.3.0/armtools/bin/../lib/gcc/arm-atollic-eabi/6.3.1/armv7-m/crti.o
                0x08000c00                _fini
 .fini          0x08000c04        0x8 d:/prog_files/truestudio for stm32 9.3.0/armtools/bin/../lib/gcc/arm-atollic-eabi/6.3.1/armv7-m/crtn.o
                0x08000c0c                . = ALIGN (0x4)
                0x08000c0c                _etext = .

.vfp11_veneer   0x08000c0c        0x0
 .vfp11_veneer  0x08000c0c        0x0 linker stubs

.v4_bx          0x08000c0c        0x0
 .v4_bx         0x08000c0c        0x0 linker stubs

.iplt           0x08000c0c        0x0
 .iplt          0x08000c0c        0x0 d:/prog_files/truestudio for stm32 9.3.0/armtools/bin/../lib/gcc/arm-atollic-eabi/6.3.1/armv7-m/crtbegin.o

.rodata         0x08000c0c        0xc
                0x08000c0c                . = ALIGN (0x4)
 *(.rodata)
 .rodata        0x08000c0c        0xc src\APP\main.o
 *(.rodata*)
                0x08000c18                . = ALIGN (0x4)

.rel.dyn        0x08000c18        0x0
 .rel.iplt      0x08000c18        0x0 d:/prog_files/truestudio for stm32 9.3.0/armtools/bin/../lib/gcc/arm-atollic-eabi/6.3.1/armv7-m/crtbegin.o

.ARM.extab
 *(.ARM.extab* .gnu.linkonce.armextab.*)

.ARM            0x08000c18        0x0
                0x08000c18                __exidx_start = .
 *(.ARM.exidx*)
                0x08000c18                __exidx_end = .

.preinit_array  0x08000c18        0x0
                0x08000c18                PROVIDE (__preinit_array_start, .)
 *(.preinit_array*)
                0x08000c18                PROVIDE (__preinit_array_end, .)

.init_array     0x08000c18        0x4
                0x08000c18                PROVIDE (__init_array_start, .)
 *(SORT(.init_array.*))
 *(.init_array*)
 .init_array    0x08000c18        0x4 d:/prog_files/truestudio for stm32 9.3.0/armtools/bin/../lib/gcc/arm-atollic-eabi/6.3.1/armv7-m/crtbegin.o
                0x08000c1c                PROVIDE (__init_array_end, .)

.fini_array     0x08000c1c        0x4
                [!provide]                PROVIDE (__fini_array_start, .)
 *(SORT(.fini_array.*))
 *(.fini_array*)
 .fini_array    0x08000c1c        0x4 d:/prog_files/truestudio for stm32 9.3.0/armtools/bin/../lib/gcc/arm-atollic-eabi/6.3.1/armv7-m/crtbegin.o
                [!provide]                PROVIDE (__fini_array_end, .)
                0x08000c20                _sidata = LOADADDR (.data)

.data           0x20000000        0x0 load address 0x08000c20
                0x20000000                . = ALIGN (0x4)
                0x20000000                _sdata = .
 *(.data)
 *(.data*)
                0x20000000                . = ALIGN (0x4)
                0x20000000                _edata = .

.igot.plt       0x20000000        0x0 load address 0x08000c20
 .igot.plt      0x20000000        0x0 d:/prog_files/truestudio for stm32 9.3.0/armtools/bin/../lib/gcc/arm-atollic-eabi/6.3.1/armv7-m/crtbegin.o
                0x20000000                . = ALIGN (0x4)

.bss            0x20000000      0x2c8 load address 0x08000c20
                0x20000000                _sbss = .
                0x20000000                __bss_start__ = _sbss
 *(.bss)
 .bss           0x20000000       0x1c d:/prog_files/truestudio for stm32 9.3.0/armtools/bin/../lib/gcc/arm-atollic-eabi/6.3.1/armv7-m/crtbegin.o
 *(.bss*)
 .bss.schedTicks.4305
                0x2000001c        0x1 src\Services\Thread\IRQ.o
 *(COMMON)
 *fill*         0x2000001d        0x3 
 COMMON         0x20000020      0x15c src\APP\main.o
                0x20000020                t1Ctrl
                0x20000024                thread2
                0x20000030                stack_Thread2
                0x200000d0                stack_Thread1
                0x20000170                thread1
 COMMON         0x2000017c        0x4 src\MCAL\UART\UART_program.o
                0x2000017c                USART1_func
 COMMON         0x20000180       0x9c src\Services\Thread\IRQ.o
                0x20000180                OS_existSet
                0x20000184                OS_currThreadMask
                0x20000188                OS_blockedSet
                0x2000018c                OS_readySet
                0x20000190                OS_next
                0x20000194                OS_curr
                0x20000198                OS_thread
                0x20000218                OS_delayedSet
 COMMON         0x2000021c       0xac src\Services\Thread\IdleThread.o
                0x2000021c                idleThread
                0x20000228                stack_idleThread
                0x200002c8                . = ALIGN (0x4)
                0x200002c8                _ebss = .
                0x200002c8                __bss_end__ = _ebss

._user_heap_stack
                0x200002c8      0x100 load address 0x08000c20
                0x200002c8                . = ALIGN (0x4)
                [!provide]                PROVIDE (end, .)
                [!provide]                PROVIDE (_end, .)
                0x200002c8                . = (. + _Min_Heap_Size)
                0x200003c8                . = (. + _Min_Stack_Size)
 *fill*         0x200002c8      0x100 
                0x200003c8                . = ALIGN (0x4)

.memory_b1_text
 *(.mb1text)
 *(.mb1text*)
 *(.mb1rodata)
 *(.mb1rodata*)

/DISCARD/
 libc.a(*)
 libm.a(*)
 libgcc.a(*)

.ARM.attributes
                0x00000000       0x29
 *(.ARM.attributes)
 .ARM.attributes
                0x00000000       0x1d d:/prog_files/truestudio for stm32 9.3.0/armtools/bin/../lib/gcc/arm-atollic-eabi/6.3.1/armv7-m/crti.o
 .ARM.attributes
                0x0000001d       0x2d d:/prog_files/truestudio for stm32 9.3.0/armtools/bin/../lib/gcc/arm-atollic-eabi/6.3.1/armv7-m/crtbegin.o
 .ARM.attributes
                0x0000004a       0x21 System\startup_stm32f10x.o
 .ARM.attributes
                0x0000006b       0x33 System\stm32f1xx_it.o
 .ARM.attributes
                0x0000009e       0x33 src\APP\main.o
 .ARM.attributes
                0x000000d1       0x33 src\HAL\Interrupts\Interrupts_program.o
 .ARM.attributes
                0x00000104       0x33 src\MCAL\Flash\Flash_program.o
 .ARM.attributes
                0x00000137       0x33 src\MCAL\GPIO\GPIO_program.o
 .ARM.attributes
                0x0000016a       0x33 src\MCAL\NVIC\NVIC_program.o
 .ARM.attributes
                0x0000019d       0x33 src\MCAL\RCC\RCC_program.o
 .ARM.attributes
                0x000001d0       0x33 src\MCAL\SCB\SCB_program.o
 .ARM.attributes
                0x00000203       0x33 src\MCAL\SysTick\SysTick_program.o
 .ARM.attributes
                0x00000236       0x33 src\MCAL\UART\UART_program.o
 .ARM.attributes
                0x00000269       0x33 src\Services\Init\Init.o
 .ARM.attributes
                0x0000029c       0x33 src\Services\Thread\IRQ.o
 .ARM.attributes
                0x000002cf       0x33 src\Services\Thread\IdleThread.o
 .ARM.attributes
                0x00000302       0x33 src\Services\Thread\Scheduler.o
 .ARM.attributes
                0x00000335       0x33 src\Services\Thread\Thread.o
 .ARM.attributes
                0x00000368       0x2d d:/prog_files/truestudio for stm32 9.3.0/armtools/bin/../lib/gcc/arm-atollic-eabi/6.3.1/../../../../arm-atollic-eabi/lib/armv7-m\libc_nano.a(lib_a-init.o)
 .ARM.attributes
                0x00000395       0x1d d:/prog_files/truestudio for stm32 9.3.0/armtools/bin/../lib/gcc/arm-atollic-eabi/6.3.1/armv7-m/crtn.o
OUTPUT(RTOS.elf elf32-littlearm)

.debug_line     0x00000000     0x1c82
 .debug_line    0x00000000       0x7c System\startup_stm32f10x.o
 .debug_line    0x0000007c      0x10f System\stm32f1xx_it.o
 .debug_line    0x0000018b      0x1d0 src\APP\main.o
 .debug_line    0x0000035b      0x262 src\HAL\Interrupts\Interrupts_program.o
 .debug_line    0x000005bd      0x220 src\MCAL\Flash\Flash_program.o
 .debug_line    0x000007dd      0x16d src\MCAL\GPIO\GPIO_program.o
 .debug_line    0x0000094a      0x1b6 src\MCAL\NVIC\NVIC_program.o
 .debug_line    0x00000b00      0x274 src\MCAL\RCC\RCC_program.o
 .debug_line    0x00000d74      0x177 src\MCAL\SCB\SCB_program.o
 .debug_line    0x00000eeb      0x149 src\MCAL\SysTick\SysTick_program.o
 .debug_line    0x00001034      0x1fe src\MCAL\UART\UART_program.o
 .debug_line    0x00001232      0x1b8 src\Services\Init\Init.o
 .debug_line    0x000013ea      0x230 src\Services\Thread\IRQ.o
 .debug_line    0x0000161a      0x141 src\Services\Thread\IdleThread.o
 .debug_line    0x0000175b      0x27a src\Services\Thread\Scheduler.o
 .debug_line    0x000019d5      0x2ad src\Services\Thread\Thread.o

.debug_info     0x00000000     0x25b5
 .debug_info    0x00000000       0x79 System\startup_stm32f10x.o
 .debug_info    0x00000079       0xba System\stm32f1xx_it.o
 .debug_info    0x00000133      0x1d7 src\APP\main.o
 .debug_info    0x0000030a      0x260 src\HAL\Interrupts\Interrupts_program.o
 .debug_info    0x0000056a      0x2e2 src\MCAL\Flash\Flash_program.o
 .debug_info    0x0000084c      0x293 src\MCAL\GPIO\GPIO_program.o
 .debug_info    0x00000adf      0x307 src\MCAL\NVIC\NVIC_program.o
 .debug_info    0x00000de6      0x392 src\MCAL\RCC\RCC_program.o
 .debug_info    0x00001178      0x31b src\MCAL\SCB\SCB_program.o
 .debug_info    0x00001493      0x13f src\MCAL\SysTick\SysTick_program.o
 .debug_info    0x000015d2      0x2ef src\MCAL\UART\UART_program.o
 .debug_info    0x000018c1       0xec src\Services\Init\Init.o
 .debug_info    0x000019ad      0x2c8 src\Services\Thread\IRQ.o
 .debug_info    0x00001c75      0x155 src\Services\Thread\IdleThread.o
 .debug_info    0x00001dca      0x45a src\Services\Thread\Scheduler.o
 .debug_info    0x00002224      0x391 src\Services\Thread\Thread.o

.debug_abbrev   0x00000000      0xf2c
 .debug_abbrev  0x00000000       0x12 System\startup_stm32f10x.o
 .debug_abbrev  0x00000012       0x31 System\stm32f1xx_it.o
 .debug_abbrev  0x00000043       0xef src\APP\main.o
 .debug_abbrev  0x00000132       0xa6 src\HAL\Interrupts\Interrupts_program.o
 .debug_abbrev  0x000001d8       0xf8 src\MCAL\Flash\Flash_program.o
 .debug_abbrev  0x000002d0       0xe8 src\MCAL\GPIO\GPIO_program.o
 .debug_abbrev  0x000003b8       0xf7 src\MCAL\NVIC\NVIC_program.o
 .debug_abbrev  0x000004af      0x11a src\MCAL\RCC\RCC_program.o
 .debug_abbrev  0x000005c9      0x10d src\MCAL\SCB\SCB_program.o
 .debug_abbrev  0x000006d6       0xdb src\MCAL\SysTick\SysTick_program.o
 .debug_abbrev  0x000007b1      0x12d src\MCAL\UART\UART_program.o
 .debug_abbrev  0x000008de       0xa5 src\Services\Init\Init.o
 .debug_abbrev  0x00000983      0x16a src\Services\Thread\IRQ.o
 .debug_abbrev  0x00000aed       0xe1 src\Services\Thread\IdleThread.o
 .debug_abbrev  0x00000bce      0x1b2 src\Services\Thread\Scheduler.o
 .debug_abbrev  0x00000d80      0x1ac src\Services\Thread\Thread.o

.debug_aranges  0x00000000      0x490
 .debug_aranges
                0x00000000       0x28 System\startup_stm32f10x.o
 .debug_aranges
                0x00000028       0x50 System\stm32f1xx_it.o
 .debug_aranges
                0x00000078       0x30 src\APP\main.o
 .debug_aranges
                0x000000a8       0x78 src\HAL\Interrupts\Interrupts_program.o
 .debug_aranges
                0x00000120       0x58 src\MCAL\Flash\Flash_program.o
 .debug_aranges
                0x00000178       0x38 src\MCAL\GPIO\GPIO_program.o
 .debug_aranges
                0x000001b0       0x58 src\MCAL\NVIC\NVIC_program.o
 .debug_aranges
                0x00000208       0xb0 src\MCAL\RCC\RCC_program.o
 .debug_aranges
                0x000002b8       0x48 src\MCAL\SCB\SCB_program.o
 .debug_aranges
                0x00000300       0x28 src\MCAL\SysTick\SysTick_program.o
 .debug_aranges
                0x00000328       0x70 src\MCAL\UART\UART_program.o
 .debug_aranges
                0x00000398       0x28 src\Services\Init\Init.o
 .debug_aranges
                0x000003c0       0x28 src\Services\Thread\IRQ.o
 .debug_aranges
                0x000003e8       0x30 src\Services\Thread\IdleThread.o
 .debug_aranges
                0x00000418       0x38 src\Services\Thread\Scheduler.o
 .debug_aranges
                0x00000450       0x40 src\Services\Thread\Thread.o

.debug_ranges   0x00000000      0x398
 .debug_ranges  0x00000000       0x20 System\startup_stm32f10x.o
 .debug_ranges  0x00000020       0x40 System\stm32f1xx_it.o
 .debug_ranges  0x00000060       0x20 src\APP\main.o
 .debug_ranges  0x00000080       0x68 src\HAL\Interrupts\Interrupts_program.o
 .debug_ranges  0x000000e8       0x48 src\MCAL\Flash\Flash_program.o
 .debug_ranges  0x00000130       0x28 src\MCAL\GPIO\GPIO_program.o
 .debug_ranges  0x00000158       0x48 src\MCAL\NVIC\NVIC_program.o
 .debug_ranges  0x000001a0       0xa0 src\MCAL\RCC\RCC_program.o
 .debug_ranges  0x00000240       0x38 src\MCAL\SCB\SCB_program.o
 .debug_ranges  0x00000278       0x18 src\MCAL\SysTick\SysTick_program.o
 .debug_ranges  0x00000290       0x60 src\MCAL\UART\UART_program.o
 .debug_ranges  0x000002f0       0x18 src\Services\Init\Init.o
 .debug_ranges  0x00000308       0x18 src\Services\Thread\IRQ.o
 .debug_ranges  0x00000320       0x20 src\Services\Thread\IdleThread.o
 .debug_ranges  0x00000340       0x28 src\Services\Thread\Scheduler.o
 .debug_ranges  0x00000368       0x30 src\Services\Thread\Thread.o

.debug_macro    0x00000000     0x16c6
 .debug_macro   0x00000000       0x1b System\stm32f1xx_it.o
 .debug_macro   0x0000001b      0x8a4 System\stm32f1xx_it.o
 .debug_macro   0x000008bf       0x3f src\APP\main.o
 .debug_macro   0x000008fe       0x3a src\APP\main.o
 .debug_macro   0x00000938       0x2e src\APP\main.o
 .debug_macro   0x00000966       0xa6 src\APP\main.o
 .debug_macro   0x00000a0c       0x16 src\APP\main.o
 .debug_macro   0x00000a22       0x55 src\HAL\Interrupts\Interrupts_program.o
 .debug_macro   0x00000a77       0x3f src\MCAL\Flash\Flash_program.o
 .debug_macro   0x00000ab6       0x28 src\MCAL\Flash\Flash_program.o
 .debug_macro   0x00000ade       0xac src\MCAL\Flash\Flash_program.o
 .debug_macro   0x00000b8a       0x3e src\MCAL\GPIO\GPIO_program.o
 .debug_macro   0x00000bc8       0x22 src\MCAL\GPIO\GPIO_program.o
 .debug_macro   0x00000bea       0x1c src\MCAL\GPIO\GPIO_program.o
 .debug_macro   0x00000c06       0x40 src\MCAL\NVIC\NVIC_program.o
 .debug_macro   0x00000c46       0x1c src\MCAL\NVIC\NVIC_program.o
 .debug_macro   0x00000c62       0x40 src\MCAL\RCC\RCC_program.o
 .debug_macro   0x00000ca2      0x4f1 src\MCAL\RCC\RCC_program.o
 .debug_macro   0x00001193       0x40 src\MCAL\SCB\SCB_program.o
 .debug_macro   0x000011d3       0xac src\MCAL\SCB\SCB_program.o
 .debug_macro   0x0000127f       0x40 src\MCAL\SysTick\SysTick_program.o
 .debug_macro   0x000012bf       0x4c src\MCAL\SysTick\SysTick_program.o
 .debug_macro   0x0000130b       0x3e src\MCAL\UART\UART_program.o
 .debug_macro   0x00001349       0x28 src\MCAL\UART\UART_program.o
 .debug_macro   0x00001371       0x1c src\MCAL\UART\UART_program.o
 .debug_macro   0x0000138d      0x142 src\MCAL\UART\UART_program.o
 .debug_macro   0x000014cf       0x49 src\Services\Init\Init.o
 .debug_macro   0x00001518       0x16 src\Services\Init\Init.o
 .debug_macro   0x0000152e       0x66 src\Services\Thread\IRQ.o
 .debug_macro   0x00001594       0x16 src\Services\Thread\IRQ.o
 .debug_macro   0x000015aa       0x10 src\Services\Thread\IRQ.o
 .debug_macro   0x000015ba       0x40 src\Services\Thread\IdleThread.o
 .debug_macro   0x000015fa       0x66 src\Services\Thread\Scheduler.o
 .debug_macro   0x00001660       0x66 src\Services\Thread\Thread.o

.debug_str      0x00000000     0x6799
 .debug_str     0x00000000     0x25a7 System\stm32f1xx_it.o
 .debug_str     0x000025a7      0x4cf src\APP\main.o
                               0x2a4b (size before relaxing)
 .debug_str     0x00002a76      0x205 src\HAL\Interrupts\Interrupts_program.o
                               0x292a (size before relaxing)
 .debug_str     0x00002c7b      0x51a src\MCAL\Flash\Flash_program.o
                               0x2c4b (size before relaxing)
 .debug_str     0x00003195      0x190 src\MCAL\GPIO\GPIO_program.o
                               0x2acf (size before relaxing)
 .debug_str     0x00003325      0x1a3 src\MCAL\NVIC\NVIC_program.o
                               0x28ee (size before relaxing)
 .debug_str     0x000034c8     0x1ccb src\MCAL\RCC\RCC_program.o
                               0x4431 (size before relaxing)
 .debug_str     0x00005193      0x570 src\MCAL\SCB\SCB_program.o
                               0x2cdc (size before relaxing)
 .debug_str     0x00005703      0x275 src\MCAL\SysTick\SysTick_program.o
                               0x299b (size before relaxing)
 .debug_str     0x00005978      0x7cf src\MCAL\UART\UART_program.o
                               0x2f25 (size before relaxing)
 .debug_str     0x00006147       0x7c src\Services\Init\Init.o
                               0x288f (size before relaxing)
 .debug_str     0x000061c3      0x1a2 src\Services\Thread\IRQ.o
                               0x29ac (size before relaxing)
 .debug_str     0x00006365       0x69 src\Services\Thread\IdleThread.o
                               0x2861 (size before relaxing)
 .debug_str     0x000063ce      0x321 src\Services\Thread\Scheduler.o
                               0x2c67 (size before relaxing)
 .debug_str     0x000066ef       0xaa src\Services\Thread\Thread.o
                               0x2a05 (size before relaxing)

.comment        0x00000000       0x7c
 .comment       0x00000000       0x7c System\stm32f1xx_it.o
                                 0x7d (size before relaxing)
 .comment       0x0000007c       0x7d src\APP\main.o
 .comment       0x0000007c       0x7d src\HAL\Interrupts\Interrupts_program.o
 .comment       0x0000007c       0x7d src\MCAL\Flash\Flash_program.o
 .comment       0x0000007c       0x7d src\MCAL\GPIO\GPIO_program.o
 .comment       0x0000007c       0x7d src\MCAL\NVIC\NVIC_program.o
 .comment       0x0000007c       0x7d src\MCAL\RCC\RCC_program.o
 .comment       0x0000007c       0x7d src\MCAL\SCB\SCB_program.o
 .comment       0x0000007c       0x7d src\MCAL\SysTick\SysTick_program.o
 .comment       0x0000007c       0x7d src\MCAL\UART\UART_program.o
 .comment       0x0000007c       0x7d src\Services\Init\Init.o
 .comment       0x0000007c       0x7d src\Services\Thread\IRQ.o
 .comment       0x0000007c       0x7d src\Services\Thread\IdleThread.o
 .comment       0x0000007c       0x7d src\Services\Thread\Scheduler.o
 .comment       0x0000007c       0x7d src\Services\Thread\Thread.o

.debug_frame    0x00000000      0xdf8
 .debug_frame   0x00000000       0xd0 System\stm32f1xx_it.o
 .debug_frame   0x000000d0       0x54 src\APP\main.o
 .debug_frame   0x00000124      0x1b0 src\HAL\Interrupts\Interrupts_program.o
 .debug_frame   0x000002d4      0x140 src\MCAL\Flash\Flash_program.o
 .debug_frame   0x00000414       0xb0 src\MCAL\GPIO\GPIO_program.o
 .debug_frame   0x000004c4      0x150 src\MCAL\NVIC\NVIC_program.o
 .debug_frame   0x00000614      0x280 src\MCAL\RCC\RCC_program.o
 .debug_frame   0x00000894       0xf0 src\MCAL\SCB\SCB_program.o
 .debug_frame   0x00000984       0x60 src\MCAL\SysTick\SysTick_program.o
 .debug_frame   0x000009e4      0x194 src\MCAL\UART\UART_program.o
 .debug_frame   0x00000b78       0x50 src\Services\Init\Init.o
 .debug_frame   0x00000bc8       0x3c src\Services\Thread\IRQ.o
 .debug_frame   0x00000c04       0x70 src\Services\Thread\IdleThread.o
 .debug_frame   0x00000c74       0x94 src\Services\Thread\Scheduler.o
 .debug_frame   0x00000d08       0xc4 src\Services\Thread\Thread.o
 .debug_frame   0x00000dcc       0x2c d:/prog_files/truestudio for stm32 9.3.0/armtools/bin/../lib/gcc/arm-atollic-eabi/6.3.1/../../../../arm-atollic-eabi/lib/armv7-m\libc_nano.a(lib_a-init.o)

Cross Reference Table

Symbol                                            File
ADC1_2_IRQHandler                                 System\startup_stm32f10x.o
AHBPrescTable                                     src\MCAL\RCC\RCC_program.o
BusFault_Handler                                  System\stm32f1xx_it.o
                                                  System\startup_stm32f10x.o
CAN1_RX1_IRQHandler                               System\startup_stm32f10x.o
CAN1_SCE_IRQHandler                               System\startup_stm32f10x.o
CAN_Init                                          src\MCAL\CAN\CAN_program.o
CAN_Receive                                       src\MCAL\CAN\CAN_program.o
CAN_Transmit                                      src\MCAL\CAN\CAN_program.o
DMA1_Channel1_IRQHandler                          System\startup_stm32f10x.o
DMA1_Channel2_IRQHandler                          System\startup_stm32f10x.o
DMA1_Channel3_IRQHandler                          System\startup_stm32f10x.o
DMA1_Channel4_IRQHandler                          System\startup_stm32f10x.o
DMA1_Channel5_IRQHandler                          System\startup_stm32f10x.o
DMA1_Channel6_IRQHandler                          System\startup_stm32f10x.o
DMA1_Channel7_IRQHandler                          System\startup_stm32f10x.o
DebugMon_Handler                                  System\stm32f1xx_it.o
                                                  System\startup_stm32f10x.o
Default_Handler                                   System\startup_stm32f10x.o
EXTI0_IRQHandler                                  System\startup_stm32f10x.o
EXTI15_10_IRQHandler                              System\startup_stm32f10x.o
EXTI1_IRQHandler                                  System\startup_stm32f10x.o
EXTI2_IRQHandler                                  System\startup_stm32f10x.o
EXTI3_IRQHandler                                  System\startup_stm32f10x.o
EXTI4_IRQHandler                                  System\startup_stm32f10x.o
EXTI9_5_IRQHandler                                System\startup_stm32f10x.o
FLASH_IRQHandler                                  System\startup_stm32f10x.o
Flash_EnablePrefetchBuffer                        src\MCAL\Flash\Flash_program.o
                                                  src\Services\Init\Init.o
Flash_EraseMass                                   src\MCAL\Flash\Flash_program.o
Flash_ErasePage                                   src\MCAL\Flash\Flash_program.o
Flash_Lock                                        src\MCAL\Flash\Flash_program.o
Flash_SetLatency                                  src\MCAL\Flash\Flash_program.o
                                                  src\Services\Init\Init.o
Flash_Unlock                                      src\MCAL\Flash\Flash_program.o
Flash_WriteData                                   src\MCAL\Flash\Flash_program.o
Flash_WriteWord                                   src\MCAL\Flash\Flash_program.o
GPIO_GetPinValue                                  src\MCAL\GPIO\GPIO_program.o
GPIO_Init                                         src\MCAL\GPIO\GPIO_program.o
                                                  src\APP\main.o
GPIO_SetPinValue                                  src\MCAL\GPIO\GPIO_program.o
                                                  src\APP\main.o
GPIO_WritePort                                    src\MCAL\GPIO\GPIO_program.o
HardFault_Handler                                 System\stm32f1xx_it.o
                                                  System\startup_stm32f10x.o
I2C1_ER_IRQHandler                                System\startup_stm32f10x.o
I2C1_EV_IRQHandler                                System\startup_stm32f10x.o
I2C2_ER_IRQHandler                                System\startup_stm32f10x.o
I2C2_EV_IRQHandler                                System\startup_stm32f10x.o
Interrupts_ClearPendingIRQ                        src\HAL\Interrupts\Interrupts_program.o
Interrupts_DisableIRQ                             src\HAL\Interrupts\Interrupts_program.o
Interrupts_EnableIRQ                              src\HAL\Interrupts\Interrupts_program.o
Interrupts_GetActive                              src\HAL\Interrupts\Interrupts_program.o
Interrupts_GetDevicePriority                      src\HAL\Interrupts\Interrupts_program.o
Interrupts_GetPendingIRQ                          src\HAL\Interrupts\Interrupts_program.o
Interrupts_GetPriority                            src\HAL\Interrupts\Interrupts_program.o
Interrupts_PendSVClearPending                     src\HAL\Interrupts\Interrupts_program.o
Interrupts_PendSVSetPending                       src\HAL\Interrupts\Interrupts_program.o
                                                  src\Services\Thread\Scheduler.o
Interrupts_SetDevicePriority                      src\HAL\Interrupts\Interrupts_program.o
Interrupts_SetPendingIRQ                          src\HAL\Interrupts\Interrupts_program.o
Interrupts_SetPriority                            src\HAL\Interrupts\Interrupts_program.o
                                                  src\Services\Thread\Scheduler.o
MemManage_Handler                                 System\stm32f1xx_it.o
                                                  System\startup_stm32f10x.o
NMI_Handler                                       System\stm32f1xx_it.o
                                                  System\startup_stm32f10x.o
NVIC_ClearPendingIRQ                              src\MCAL\NVIC\NVIC_program.o
                                                  src\HAL\Interrupts\Interrupts_program.o
NVIC_DisableIRQ                                   src\MCAL\NVIC\NVIC_program.o
                                                  src\HAL\Interrupts\Interrupts_program.o
NVIC_EnableIRQ                                    src\MCAL\NVIC\NVIC_program.o
                                                  src\HAL\Interrupts\Interrupts_program.o
NVIC_GetActive                                    src\MCAL\NVIC\NVIC_program.o
                                                  src\HAL\Interrupts\Interrupts_program.o
NVIC_GetDevicePriority                            src\MCAL\NVIC\NVIC_program.o
                                                  src\HAL\Interrupts\Interrupts_program.o
NVIC_GetPendingIRQ                                src\MCAL\NVIC\NVIC_program.o
                                                  src\HAL\Interrupts\Interrupts_program.o
NVIC_SetDevicePriority                            src\MCAL\NVIC\NVIC_program.o
                                                  src\HAL\Interrupts\Interrupts_program.o
NVIC_SetPendingIRQ                                src\MCAL\NVIC\NVIC_program.o
                                                  src\HAL\Interrupts\Interrupts_program.o
OSThread_Create                                   src\Services\Thread\Thread.o
                                                  src\Services\Thread\IdleThread.o
                                                  src\APP\main.o
OSThread_Delay                                    src\Services\Thread\Thread.o
                                                  src\APP\main.o
OSThread_Resume                                   src\Services\Thread\Thread.o
                                                  src\APP\main.o
OSThread_Suspend                                  src\Services\Thread\Thread.o
                                                  src\APP\main.o
OSThread_Yield                                    src\Services\Thread\Thread.o
OS_blockedSet                                     src\Services\Thread\Thread.o
                                                  src\Services\Thread\Scheduler.o
                                                  src\Services\Thread\IRQ.o
OS_curr                                           src\Services\Thread\Thread.o
                                                  src\Services\Thread\Scheduler.o
                                                  src\Services\Thread\IRQ.o
OS_currThreadMask                                 src\Services\Thread\Thread.o
                                                  src\Services\Thread\Scheduler.o
                                                  src\Services\Thread\IRQ.o
OS_delayedSet                                     src\Services\Thread\Thread.o
                                                  src\Services\Thread\Scheduler.o
                                                  src\Services\Thread\IRQ.o
OS_existSet                                       src\Services\Thread\Thread.o
                                                  src\Services\Thread\Scheduler.o
                                                  src\Services\Thread\IRQ.o
OS_init                                           src\Services\Thread\Scheduler.o
                                                  src\APP\main.o
OS_next                                           src\Services\Thread\Thread.o
                                                  src\Services\Thread\Scheduler.o
                                                  src\Services\Thread\IRQ.o
OS_onIdle                                         src\Services\Thread\IdleThread.o
OS_readySet                                       src\Services\Thread\Thread.o
                                                  src\Services\Thread\Scheduler.o
                                                  src\Services\Thread\IRQ.o
OS_run                                            src\Services\Thread\Scheduler.o
                                                  src\APP\main.o
OS_scheduler                                      src\Services\Thread\Scheduler.o
                                                  src\Services\Thread\Thread.o
                                                  src\Services\Thread\IRQ.o
OS_thread                                         src\Services\Thread\Thread.o
                                                  src\Services\Thread\Scheduler.o
                                                  src\Services\Thread\IRQ.o
OS_tick                                           src\Services\Thread\Scheduler.o
                                                  src\Services\Thread\IRQ.o
PVD_IRQHandler                                    System\startup_stm32f10x.o
PendSV_Handler                                    src\Services\Thread\IRQ.o
                                                  System\startup_stm32f10x.o
RCCSystemInit                                     src\MCAL\RCC\RCC_program.o
                                                  src\Services\Init\Init.o
RCC_DisableCAN                                    src\MCAL\RCC\RCC_program.o
RCC_DisableGPIOA                                  src\MCAL\RCC\RCC_program.o
RCC_DisableGPIOB                                  src\MCAL\RCC\RCC_program.o
RCC_DisableGPIOC                                  src\MCAL\RCC\RCC_program.o
RCC_DisableUART                                   src\MCAL\RCC\RCC_program.o
RCC_EnableCAN                                     src\MCAL\RCC\RCC_program.o
RCC_EnableGPIOA                                   src\MCAL\RCC\RCC_program.o
RCC_EnableGPIOB                                   src\MCAL\RCC\RCC_program.o
RCC_EnableGPIOC                                   src\MCAL\RCC\RCC_program.o
                                                  src\APP\main.o
RCC_EnableUART                                    src\MCAL\RCC\RCC_program.o
RCC_GetSystemCoreClock                            src\MCAL\RCC\RCC_program.o
RCC_IRQHandler                                    System\startup_stm32f10x.o
RCC_ResetCAN                                      src\MCAL\RCC\RCC_program.o
RCC_ResetGPIOA                                    src\MCAL\RCC\RCC_program.o
RCC_ResetGPIOB                                    src\MCAL\RCC\RCC_program.o
RCC_ResetGPIOC                                    src\MCAL\RCC\RCC_program.o
RCC_ResetUART                                     src\MCAL\RCC\RCC_program.o
RCC_SetSystemClock72MHz                           src\MCAL\RCC\RCC_program.o
                                                  src\Services\Init\Init.o
RCC_StartHSE                                      src\MCAL\RCC\RCC_program.o
                                                  src\Services\Init\Init.o
RTCAlarm_IRQHandler                               System\startup_stm32f10x.o
RTC_IRQHandler                                    System\startup_stm32f10x.o
Reset_Handler                                     System\startup_stm32f10x.o
SCB_GetSystemPriority                             src\MCAL\SCB\SCB_program.o
                                                  src\HAL\Interrupts\Interrupts_program.o
SCB_PendSVClearPending                            src\MCAL\SCB\SCB_program.o
                                                  src\HAL\Interrupts\Interrupts_program.o
SCB_PendSVSetPending                              src\MCAL\SCB\SCB_program.o
                                                  src\HAL\Interrupts\Interrupts_program.o
SCB_SetNVICPriorityGrouping                       src\MCAL\SCB\SCB_program.o
SCB_SetSystemPriority                             src\MCAL\SCB\SCB_program.o
                                                  src\HAL\Interrupts\Interrupts_program.o
SCB_SetVectorTableOffset                          src\MCAL\SCB\SCB_program.o
                                                  src\Services\Init\Init.o
SPI1_IRQHandler                                   System\startup_stm32f10x.o
SPI2_IRQHandler                                   System\startup_stm32f10x.o
SVC_Handler                                       System\stm32f1xx_it.o
                                                  System\startup_stm32f10x.o
SysTick_Config                                    src\MCAL\SysTick\SysTick_program.o
                                                  src\Services\Thread\Scheduler.o
SysTick_Handler                                   src\Services\Thread\IRQ.o
                                                  System\startup_stm32f10x.o
SysTick_Stop                                      src\MCAL\SysTick\SysTick_program.o
SystemInit                                        src\Services\Init\Init.o
                                                  System\startup_stm32f10x.o
TAMPER_IRQHandler                                 System\startup_stm32f10x.o
TIM1_BRK_IRQHandler                               System\startup_stm32f10x.o
TIM1_CC_IRQHandler                                System\startup_stm32f10x.o
TIM1_TRG_COM_IRQHandler                           System\startup_stm32f10x.o
TIM1_UP_IRQHandler                                System\startup_stm32f10x.o
TIM2_IRQHandler                                   System\startup_stm32f10x.o
TIM3_IRQHandler                                   System\startup_stm32f10x.o
TIM4_IRQHandler                                   System\startup_stm32f10x.o
Thread1_H                                         src\APP\main.o
Thread2_H                                         src\APP\main.o
UART_Disable                                      src\MCAL\UART\UART_program.o
UART_Enable                                       src\MCAL\UART\UART_program.o
UART_Init                                         src\MCAL\UART\UART_program.o
UART_ReadBuffer                                   src\MCAL\UART\UART_program.o
UART_ReceiveData                                  src\MCAL\UART\UART_program.o
UART_ReciveByte                                   src\MCAL\UART\UART_program.o
UART_SendByte                                     src\MCAL\UART\UART_program.o
UART_SendData                                     src\MCAL\UART\UART_program.o
UART_SetInterruptHandler                          src\MCAL\UART\UART_program.o
UART_WriteToBuffer                                src\MCAL\UART\UART_program.o
USART1_IRQHandler                                 src\MCAL\UART\UART_program.o
                                                  System\startup_stm32f10x.o
USART1_func                                       src\MCAL\UART\UART_program.o
USART2_IRQHandler                                 System\startup_stm32f10x.o
USART3_IRQHandler                                 System\startup_stm32f10x.o
USBWakeUp_IRQHandler                              System\startup_stm32f10x.o
USB_HP_CAN1_TX_IRQHandler                         System\startup_stm32f10x.o
USB_LP_CAN1_RX0_IRQHandler                        System\startup_stm32f10x.o
UsageFault_Handler                                System\stm32f1xx_it.o
                                                  System\startup_stm32f10x.o
WWDG_IRQHandler                                   System\startup_stm32f10x.o
__deregister_frame_info                           d:/prog_files/truestudio for stm32 9.3.0/armtools/bin/../lib/gcc/arm-atollic-eabi/6.3.1/armv7-m/crtbegin.o
__dso_handle                                      d:/prog_files/truestudio for stm32 9.3.0/armtools/bin/../lib/gcc/arm-atollic-eabi/6.3.1/armv7-m/crtbegin.o
__init_array_end                                  d:/prog_files/truestudio for stm32 9.3.0/armtools/bin/../lib/gcc/arm-atollic-eabi/6.3.1/../../../../arm-atollic-eabi/lib/armv7-m\libc_nano.a(lib_a-init.o)
__init_array_start                                d:/prog_files/truestudio for stm32 9.3.0/armtools/bin/../lib/gcc/arm-atollic-eabi/6.3.1/../../../../arm-atollic-eabi/lib/armv7-m\libc_nano.a(lib_a-init.o)
__libc_init_array                                 d:/prog_files/truestudio for stm32 9.3.0/armtools/bin/../lib/gcc/arm-atollic-eabi/6.3.1/../../../../arm-atollic-eabi/lib/armv7-m\libc_nano.a(lib_a-init.o)
                                                  System\startup_stm32f10x.o
__preinit_array_end                               d:/prog_files/truestudio for stm32 9.3.0/armtools/bin/../lib/gcc/arm-atollic-eabi/6.3.1/../../../../arm-atollic-eabi/lib/armv7-m\libc_nano.a(lib_a-init.o)
__preinit_array_start                             d:/prog_files/truestudio for stm32 9.3.0/armtools/bin/../lib/gcc/arm-atollic-eabi/6.3.1/../../../../arm-atollic-eabi/lib/armv7-m\libc_nano.a(lib_a-init.o)
__register_frame_info                             d:/prog_files/truestudio for stm32 9.3.0/armtools/bin/../lib/gcc/arm-atollic-eabi/6.3.1/armv7-m/crtbegin.o
_ebss                                             System\startup_stm32f10x.o
_edata                                            System\startup_stm32f10x.o
_estack                                           System\startup_stm32f10x.o
_fini                                             d:/prog_files/truestudio for stm32 9.3.0/armtools/bin/../lib/gcc/arm-atollic-eabi/6.3.1/armv7-m/crti.o
_init                                             d:/prog_files/truestudio for stm32 9.3.0/armtools/bin/../lib/gcc/arm-atollic-eabi/6.3.1/armv7-m/crti.o
                                                  d:/prog_files/truestudio for stm32 9.3.0/armtools/bin/../lib/gcc/arm-atollic-eabi/6.3.1/../../../../arm-atollic-eabi/lib/armv7-m\libc_nano.a(lib_a-init.o)
_sbss                                             System\startup_stm32f10x.o
_sdata                                            System\startup_stm32f10x.o
_sidata                                           System\startup_stm32f10x.o
blink                                             src\MCAL\CAN\CAN_program.o
createIdleThread                                  src\Services\Thread\IdleThread.o
                                                  src\Services\Thread\Scheduler.o
g_pfnVectors                                      System\startup_stm32f10x.o
idleThread                                        src\Services\Thread\IdleThread.o
idleThread_Handler                                src\Services\Thread\IdleThread.o
main                                              src\APP\main.o
                                                  System\startup_stm32f10x.o
stack_Thread1                                     src\APP\main.o
stack_Thread2                                     src\APP\main.o
stack_idleThread                                  src\Services\Thread\IdleThread.o
t1Ctrl                                            src\APP\main.o
thread1                                           src\APP\main.o
thread2                                           src\APP\main.o
